[debug] [2026-07-26T11:15:55.667Z] ----------------------------------------------------------------------
[debug] [2026-07-26T11:15:55.670Z] Command:       C:\Program Files\nodejs\node.exe C:\Users\goure\AppData\Roaming\npm\node_modules\firebase-tools\lib\bin\firebase.js deploy --only hosting --project bharatheeyam-app
[debug] [2026-07-26T11:15:55.670Z] CLI Version:   15.18.0
[debug] [2026-07-26T11:15:55.671Z] Platform:      win32
[debug] [2026-07-26T11:15:55.671Z] Node Version:  v24.14.0
[debug] [2026-07-26T11:15:55.671Z] Time:          Sun Jul 26 2026 16:45:55 GMT+0530 (India Standard Time)
[debug] [2026-07-26T11:15:55.671Z] ----------------------------------------------------------------------
[debug] 
[debug] [2026-07-26T11:15:55.674Z] >>> [apiv2][query] GET https://firebase-public.firebaseio.com/cli.json [none]
[debug] [2026-07-26T11:15:58.161Z] > command requires scopes: ["email","openid","https://www.googleapis.com/auth/cloudplatformprojects.readonly","https://www.googleapis.com/auth/firebase","https://www.googleapis.com/auth/cloud-platform"]
[debug] [2026-07-26T11:15:58.162Z] > authorizing via signed-in user (shriveedangajyotisha@gmail.com)
[debug] [2026-07-26T11:15:58.162Z] [iam] checking project bharatheeyam-app for permissions ["firebase.projects.get","firebasehosting.sites.update"]
[debug] [2026-07-26T11:15:58.163Z] Checked if tokens are valid: false, expires at: 1781707773042
[debug] [2026-07-26T11:15:58.163Z] Checked if tokens are valid: false, expires at: 1781707773042
[debug] [2026-07-26T11:15:58.163Z] > refreshing access token with scopes: []
[debug] [2026-07-26T11:15:58.165Z] >>> [apiv2][query] POST https://www.googleapis.com/oauth2/v3/token [none]
[debug] [2026-07-26T11:15:58.165Z] >>> [apiv2][body] POST https://www.googleapis.com/oauth2/v3/token [omitted]
[debug] [2026-07-26T11:15:58.470Z] <<< [apiv2][status] POST https://www.googleapis.com/oauth2/v3/token 200
[debug] [2026-07-26T11:15:58.471Z] <<< [apiv2][body] POST https://www.googleapis.com/oauth2/v3/token [omitted]
[debug] [2026-07-26T11:15:58.484Z] >>> [apiv2][query] POST https://cloudresourcemanager.googleapis.com/v1/projects/bharatheeyam-app:testIamPermissions [none]
[debug] [2026-07-26T11:15:58.484Z] >>> [apiv2][(partial)header] POST https://cloudresourcemanager.googleapis.com/v1/projects/bharatheeyam-app:testIamPermissions  x-goog-user-project=bharatheeyam-app
[debug] [2026-07-26T11:15:58.484Z] >>> [apiv2][body] POST https://cloudresourcemanager.googleapis.com/v1/projects/bharatheeyam-app:testIamPermissions {"permissions":["firebase.projects.get","firebasehosting.sites.update"]}
[debug] [2026-07-26T11:15:58.896Z] <<< [apiv2][status] GET https://firebase-public.firebaseio.com/cli.json 200
[debug] [2026-07-26T11:15:58.896Z] <<< [apiv2][body] GET https://firebase-public.firebaseio.com/cli.json {"cloudBuildErrorAfter":1594252800000,"cloudBuildWarnAfter":1590019200000,"defaultNode10After":1594252800000,"minVersion":"3.0.5","node8DeploysDisabledAfter":1613390400000,"node8RuntimeDisabledAfter":1615809600000,"node8WarnAfter":1600128000000}
[debug] [2026-07-26T11:15:59.972Z] <<< [apiv2][status] POST https://cloudresourcemanager.googleapis.com/v1/projects/bharatheeyam-app:testIamPermissions 403
[debug] [2026-07-26T11:15:59.972Z] <<< [apiv2][body] POST https://cloudresourcemanager.googleapis.com/v1/projects/bharatheeyam-app:testIamPermissions {"error":{"code":403,"message":"Caller does not have required permission to use project bharatheeyam-app. Grant the caller the roles/serviceusage.serviceUsageConsumer role, or a custom role with the serviceusage.services.use permission, by visiting https://console.developers.google.com/iam-admin/iam?project=bharatheeyam-app and then retry. Propagation of the new permission may take a few minutes.","status":"PERMISSION_DENIED","details":[{"@type":"type.googleapis.com/google.rpc.ErrorInfo","reason":"USER_PROJECT_DENIED","domain":"googleapis.com","metadata":{"containerInfo":"bharatheeyam-app","consoleUrl":"https://console.developers.google.com/iam-admin/iam?project=bharatheeyam-app","service":"cloudresourcemanager.googleapis.com","consumer":"projects/bharatheeyam-app"}},{"@type":"type.googleapis.com/google.rpc.LocalizedMessage","locale":"en-US","message":"Caller does not have required permission to use project bharatheeyam-app. Grant the caller the roles/serviceusage.serviceUsageConsumer role, or a custom role with the serviceusage.services.use permission, by visiting https://console.developers.google.com/iam-admin/iam?project=bharatheeyam-app and then retry. Propagation of the new permission may take a few minutes."},{"@type":"type.googleapis.com/google.rpc.Help","links":[{"description":"Google developer console IAM admin","url":"https://console.developers.google.com/iam-admin/iam?project=bharatheeyam-app"}]}]}}
[debug] [2026-07-26T11:15:59.973Z] [iam] error while checking permissions, command may fail: Request to https://cloudresourcemanager.googleapis.com/v1/projects/bharatheeyam-app:testIamPermissions had HTTP Error: 403, Caller does not have required permission to use project bharatheeyam-app. Grant the caller the roles/serviceusage.serviceUsageConsumer role, or a custom role with the serviceusage.services.use permission, by visiting https://console.developers.google.com/iam-admin/iam?project=bharatheeyam-app and then retry. Propagation of the new permission may take a few minutes.
[debug] [2026-07-26T11:15:59.973Z] Checked if tokens are valid: true, expires at: 1785068157471
[debug] [2026-07-26T11:15:59.973Z] Checked if tokens are valid: true, expires at: 1785068157471
[debug] [2026-07-26T11:15:59.973Z] >>> [apiv2][query] GET https://firebase.googleapis.com/v1beta1/projects/bharatheeyam-app [none]
[debug] [2026-07-26T11:16:00.769Z] <<< [apiv2][status] GET https://firebase.googleapis.com/v1beta1/projects/bharatheeyam-app 403
[debug] [2026-07-26T11:16:00.769Z] <<< [apiv2][body] GET https://firebase.googleapis.com/v1beta1/projects/bharatheeyam-app {"error":{"code":403,"message":"The caller does not have permission","status":"PERMISSION_DENIED"}}
[debug] [2026-07-26T11:16:00.769Z] Request to https://firebase.googleapis.com/v1beta1/projects/bharatheeyam-app had HTTP Error: 403, The caller does not have permission
[debug] [2026-07-26T11:16:01.109Z] FirebaseError: Request to https://firebase.googleapis.com/v1beta1/projects/bharatheeyam-app had HTTP Error: 403, The caller does not have permission
    at responseToError (C:\Users\goure\AppData\Roaming\npm\node_modules\firebase-tools\lib\responseToError.js:53:12)
    at RetryOperation._fn (C:\Users\goure\AppData\Roaming\npm\node_modules\firebase-tools\lib\apiv2.js:333:77)
    at process.processTicksAndRejections (node:internal/process/task_queues:104:5)
[error] 
[error] Error: Failed to get Firebase project bharatheeyam-app. Please make sure the project exists and your account has permission to access it.
